[0.054s] Invoking command in '/home/aarambh/my_robot_ws/build/bumperbot_localization': CMAKE_PREFIX_PATH=${CMAKE_PREFIX_PATH}:/home/aarambh/my_robot_ws/install/bumperbot_py_examples:/opt/ros/humble /usr/bin/cmake /home/aarambh/my_robot_ws/src/bumperbot_localization -DCMAKE_INSTALL_PREFIX=/home/aarambh/my_robot_ws/install/bumperbot_localization
[0.424s] -- The C compiler identification is GNU 11.4.0
[0.931s] -- The CXX compiler identification is GNU 11.4.0
[1.008s] -- Detecting C compiler ABI info
[2.002s] -- Detecting C compiler ABI info - done
[2.062s] -- Check for working C compiler: /usr/bin/cc - skipped
[2.078s] -- Detecting C compile features
[2.081s] -- Detecting C compile features - done
[2.124s] -- Detecting CXX compiler ABI info
[2.948s] -- Detecting CXX compiler ABI info - done
[3.049s] -- Check for working CXX compiler: /usr/bin/c++ - skipped
[3.051s] -- Detecting CXX compile features
[3.054s] -- Detecting CXX compile features - done
[3.234s] -- Found ament_cmake: 1.3.12 (/opt/ros/humble/share/ament_cmake/cmake)
[6.011s] -- Found Python3: /usr/bin/python3 (found version "3.10.12") found components: Interpreter 
[8.550s] -- Found rclcpp: 16.0.17 (/opt/ros/humble/share/rclcpp/cmake)
[10.173s] -- Found rosidl_generator_c: 3.1.8 (/opt/ros/humble/share/rosidl_generator_c/cmake)
[10.403s] -- Found rosidl_adapter: 3.1.8 (/opt/ros/humble/share/rosidl_adapter/cmake)
[10.711s] -- Found rosidl_generator_cpp: 3.1.8 (/opt/ros/humble/share/rosidl_generator_cpp/cmake)
[11.074s] -- Using all available rosidl_typesupport_c: rosidl_typesupport_fastrtps_c;rosidl_typesupport_introspection_c
[11.423s] -- Using all available rosidl_typesupport_cpp: rosidl_typesupport_fastrtps_cpp;rosidl_typesupport_introspection_cpp
[12.426s] -- Found rmw_implementation_cmake: 6.1.2 (/opt/ros/humble/share/rmw_implementation_cmake/cmake)
[12.506s] -- Found rmw_fastrtps_cpp: 6.2.9 (/opt/ros/humble/share/rmw_fastrtps_cpp/cmake)
[14.327s] -- Found OpenSSL: /usr/lib/aarch64-linux-gnu/libcrypto.so (found version "3.0.2")  
[15.390s] -- Found FastRTPS: /opt/ros/humble/include  
[17.089s] -- Using RMW implementation 'rmw_fastrtps_cpp' as default
[17.409s] -- Looking for pthread.h
[18.603s] -- Looking for pthread.h - found
[18.606s] -- Performing Test CMAKE_HAVE_LIBC_PTHREAD
[19.711s] -- Performing Test CMAKE_HAVE_LIBC_PTHREAD - Success
[19.717s] -- Found Threads: TRUE  
[21.324s] -- Found rclpy: 3.3.19 (/opt/ros/humble/share/rclpy/cmake)
[21.423s] -- Found nav_msgs: 4.9.0 (/opt/ros/humble/share/nav_msgs/cmake)
[21.894s] -- Found sensor_msgs: 4.9.0 (/opt/ros/humble/share/sensor_msgs/cmake)
[22.279s] -- Found tf2: 0.25.18 (/opt/ros/humble/share/tf2/cmake)
[26.334s] -- Configuring done
[26.776s] -- Generating done
[26.920s] -- Build files have been written to: /home/aarambh/my_robot_ws/build/bumperbot_localization
[27.086s] Invoked command in '/home/aarambh/my_robot_ws/build/bumperbot_localization' returned '0': CMAKE_PREFIX_PATH=${CMAKE_PREFIX_PATH}:/home/aarambh/my_robot_ws/install/bumperbot_py_examples:/opt/ros/humble /usr/bin/cmake /home/aarambh/my_robot_ws/src/bumperbot_localization -DCMAKE_INSTALL_PREFIX=/home/aarambh/my_robot_ws/install/bumperbot_localization
[27.088s] Invoking command in '/home/aarambh/my_robot_ws/build/bumperbot_localization': CMAKE_PREFIX_PATH=${CMAKE_PREFIX_PATH}:/home/aarambh/my_robot_ws/install/bumperbot_py_examples:/opt/ros/humble /usr/bin/cmake --build /home/aarambh/my_robot_ws/build/bumperbot_localization -- -j4 -l4
[28.049s] [ 16%] [32mBuilding CXX object CMakeFiles/kalman_filter.dir/src/kalman_filter.cpp.o[0m
[133.356s] [ 33%] [32m[1mLinking CXX executable kalman_filter[0m
[136.792s] [ 33%] Built target kalman_filter
[136.957s] [ 33%] Built target ament_cmake_python_copy_bumperbot_localization
[137.071s] [ 50%] [32mBuilding CXX object CMakeFiles/odometry_motion_model.dir/src/odometry_motion_model.cpp.o[0m
[193.454s] [ 66%] [32m[1mLinking CXX executable odometry_motion_model[0m
[195.926s] [ 66%] Built target odometry_motion_model
[198.363s] running egg_info
[198.367s] creating bumperbot_localization.egg-info
[198.369s] writing bumperbot_localization.egg-info/PKG-INFO
[198.370s] writing dependency_links to bumperbot_localization.egg-info/dependency_links.txt
[198.373s] writing top-level names to bumperbot_localization.egg-info/top_level.txt
[198.375s] writing manifest file 'bumperbot_localization.egg-info/SOURCES.txt'
[198.390s] reading manifest file 'bumperbot_localization.egg-info/SOURCES.txt'
[198.395s] writing manifest file 'bumperbot_localization.egg-info/SOURCES.txt'
[198.595s] [ 66%] Built target ament_cmake_python_build_bumperbot_localization_egg
[198.750s] [ 83%] [32mBuilding CXX object CMakeFiles/imu_republisher.dir/src/imu_republisher.cpp.o[0m
[251.287s] [100%] [32m[1mLinking CXX executable imu_republisher[0m
[253.793s] [100%] Built target imu_republisher
[254.241s] Invoked command in '/home/aarambh/my_robot_ws/build/bumperbot_localization' returned '0': CMAKE_PREFIX_PATH=${CMAKE_PREFIX_PATH}:/home/aarambh/my_robot_ws/install/bumperbot_py_examples:/opt/ros/humble /usr/bin/cmake --build /home/aarambh/my_robot_ws/build/bumperbot_localization -- -j4 -l4
[254.252s] Invoking command in '/home/aarambh/my_robot_ws/build/bumperbot_localization': CMAKE_PREFIX_PATH=${CMAKE_PREFIX_PATH}:/home/aarambh/my_robot_ws/install/bumperbot_py_examples:/opt/ros/humble /usr/bin/cmake --install /home/aarambh/my_robot_ws/build/bumperbot_localization
[254.293s] -- Install configuration: ""
[254.294s] -- Installing: /home/aarambh/my_robot_ws/install/bumperbot_localization/share/bumperbot_localization/environment/pythonpath.sh
[254.296s] -- Installing: /home/aarambh/my_robot_ws/install/bumperbot_localization/share/bumperbot_localization/environment/pythonpath.dsv
[254.298s] -- Installing: /home/aarambh/my_robot_ws/install/bumperbot_localization/local/lib/python3.10/dist-packages/bumperbot_localization-0.0.0-py3.10.egg-info
[254.299s] -- Installing: /home/aarambh/my_robot_ws/install/bumperbot_localization/local/lib/python3.10/dist-packages/bumperbot_localization-0.0.0-py3.10.egg-info/PKG-INFO
[254.301s] -- Installing: /home/aarambh/my_robot_ws/install/bumperbot_localization/local/lib/python3.10/dist-packages/bumperbot_localization-0.0.0-py3.10.egg-info/top_level.txt
[254.302s] -- Installing: /home/aarambh/my_robot_ws/install/bumperbot_localization/local/lib/python3.10/dist-packages/bumperbot_localization-0.0.0-py3.10.egg-info/dependency_links.txt
[254.304s] -- Installing: /home/aarambh/my_robot_ws/install/bumperbot_localization/local/lib/python3.10/dist-packages/bumperbot_localization-0.0.0-py3.10.egg-info/SOURCES.txt
[254.306s] -- Installing: /home/aarambh/my_robot_ws/install/bumperbot_localization/local/lib/python3.10/dist-packages/bumperbot_localization
[254.307s] -- Installing: /home/aarambh/my_robot_ws/install/bumperbot_localization/local/lib/python3.10/dist-packages/bumperbot_localization/odometry_motion_model.py
[254.309s] -- Installing: /home/aarambh/my_robot_ws/install/bumperbot_localization/local/lib/python3.10/dist-packages/bumperbot_localization/kalman_filter.py
[254.310s] -- Installing: /home/aarambh/my_robot_ws/install/bumperbot_localization/local/lib/python3.10/dist-packages/bumperbot_localization/__init__.py
[254.311s] -- Installing: /home/aarambh/my_robot_ws/install/bumperbot_localization/local/lib/python3.10/dist-packages/bumperbot_localization/imu_republisher.py
[254.598s] Listing '/home/aarambh/my_robot_ws/install/bumperbot_localization/local/lib/python3.10/dist-packages/bumperbot_localization'...
[254.600s] Compiling '/home/aarambh/my_robot_ws/install/bumperbot_localization/local/lib/python3.10/dist-packages/bumperbot_localization/__init__.py'...
[254.602s] Compiling '/home/aarambh/my_robot_ws/install/bumperbot_localization/local/lib/python3.10/dist-packages/bumperbot_localization/imu_republisher.py'...
[254.603s] Compiling '/home/aarambh/my_robot_ws/install/bumperbot_localization/local/lib/python3.10/dist-packages/bumperbot_localization/kalman_filter.py'...
[254.605s] Compiling '/home/aarambh/my_robot_ws/install/bumperbot_localization/local/lib/python3.10/dist-packages/bumperbot_localization/odometry_motion_model.py'...
[254.638s] -- Installing: /home/aarambh/my_robot_ws/install/bumperbot_localization/include/include
[254.639s] -- Installing: /home/aarambh/my_robot_ws/install/bumperbot_localization/include/include/bumperbot_localization
[254.640s] -- Installing: /home/aarambh/my_robot_ws/install/bumperbot_localization/include/include/bumperbot_localization/kalman_filter.hpp
[254.641s] -- Installing: /home/aarambh/my_robot_ws/install/bumperbot_localization/include/include/bumperbot_localization/odometry_motion_model.hpp
[254.644s] -- Installing: /home/aarambh/my_robot_ws/install/bumperbot_localization/bin/odometry_motion_model
[254.679s] -- Set runtime path of "/home/aarambh/my_robot_ws/install/bumperbot_localization/bin/odometry_motion_model" to ""
[254.683s] -- Installing: /home/aarambh/my_robot_ws/install/bumperbot_localization/lib/bumperbot_localization/kalman_filter
[254.744s] -- Set runtime path of "/home/aarambh/my_robot_ws/install/bumperbot_localization/lib/bumperbot_localization/kalman_filter" to ""
[254.746s] -- Installing: /home/aarambh/my_robot_ws/install/bumperbot_localization/lib/bumperbot_localization/imu_republisher
[254.778s] -- Set runtime path of "/home/aarambh/my_robot_ws/install/bumperbot_localization/lib/bumperbot_localization/imu_republisher" to ""
[254.780s] -- Installing: /home/aarambh/my_robot_ws/install/bumperbot_localization/lib/bumperbot_localization/odometry_motion_model
[254.814s] -- Set runtime path of "/home/aarambh/my_robot_ws/install/bumperbot_localization/lib/bumperbot_localization/odometry_motion_model" to ""
[254.815s] -- Installing: /home/aarambh/my_robot_ws/install/bumperbot_localization/share/bumperbot_localization/launch
[254.816s] -- Installing: /home/aarambh/my_robot_ws/install/bumperbot_localization/share/bumperbot_localization/launch/local_localization.launch.py
[254.817s] -- Installing: /home/aarambh/my_robot_ws/install/bumperbot_localization/share/bumperbot_localization/launch/global_localization.launch.py
[254.819s] -- Installing: /home/aarambh/my_robot_ws/install/bumperbot_localization/share/bumperbot_localization/config
[254.819s] -- Installing: /home/aarambh/my_robot_ws/install/bumperbot_localization/share/bumperbot_localization/config/ekf.yaml
[254.821s] -- Installing: /home/aarambh/my_robot_ws/install/bumperbot_localization/share/bumperbot_localization/config/odometry_motion_model.rviz
[254.822s] -- Installing: /home/aarambh/my_robot_ws/install/bumperbot_localization/share/bumperbot_localization/config/amcl.yaml
[254.824s] -- Installing: /home/aarambh/my_robot_ws/install/bumperbot_localization/share/bumperbot_localization/rviz
[254.825s] -- Installing: /home/aarambh/my_robot_ws/install/bumperbot_localization/share/bumperbot_localization/rviz/global_localization.rviz
[254.826s] -- Installing: /home/aarambh/my_robot_ws/install/bumperbot_localization/lib/bumperbot_localization/kalman_filter.py
[254.828s] -- Installing: /home/aarambh/my_robot_ws/install/bumperbot_localization/lib/bumperbot_localization/imu_republisher.py
[254.829s] -- Installing: /home/aarambh/my_robot_ws/install/bumperbot_localization/lib/bumperbot_localization/odometry_motion_model.py
[254.832s] -- Installing: /home/aarambh/my_robot_ws/install/bumperbot_localization/share/ament_index/resource_index/package_run_dependencies/bumperbot_localization
[254.834s] -- Installing: /home/aarambh/my_robot_ws/install/bumperbot_localization/share/ament_index/resource_index/parent_prefix_path/bumperbot_localization
[254.836s] -- Installing: /home/aarambh/my_robot_ws/install/bumperbot_localization/share/bumperbot_localization/environment/ament_prefix_path.sh
[254.838s] -- Installing: /home/aarambh/my_robot_ws/install/bumperbot_localization/share/bumperbot_localization/environment/ament_prefix_path.dsv
[254.842s] -- Installing: /home/aarambh/my_robot_ws/install/bumperbot_localization/share/bumperbot_localization/environment/path.sh
[254.843s] -- Installing: /home/aarambh/my_robot_ws/install/bumperbot_localization/share/bumperbot_localization/environment/path.dsv
[254.845s] -- Installing: /home/aarambh/my_robot_ws/install/bumperbot_localization/share/bumperbot_localization/local_setup.bash
[254.846s] -- Installing: /home/aarambh/my_robot_ws/install/bumperbot_localization/share/bumperbot_localization/local_setup.sh
[254.848s] -- Installing: /home/aarambh/my_robot_ws/install/bumperbot_localization/share/bumperbot_localization/local_setup.zsh
[254.850s] -- Installing: /home/aarambh/my_robot_ws/install/bumperbot_localization/share/bumperbot_localization/local_setup.dsv
[254.851s] -- Installing: /home/aarambh/my_robot_ws/install/bumperbot_localization/share/bumperbot_localization/package.dsv
[254.853s] -- Installing: /home/aarambh/my_robot_ws/install/bumperbot_localization/share/ament_index/resource_index/packages/bumperbot_localization
[254.855s] -- Installing: /home/aarambh/my_robot_ws/install/bumperbot_localization/share/bumperbot_localization/cmake/bumperbot_localizationConfig.cmake
[254.857s] -- Installing: /home/aarambh/my_robot_ws/install/bumperbot_localization/share/bumperbot_localization/cmake/bumperbot_localizationConfig-version.cmake
[254.858s] -- Installing: /home/aarambh/my_robot_ws/install/bumperbot_localization/share/bumperbot_localization/package.xml
[254.869s] Invoked command in '/home/aarambh/my_robot_ws/build/bumperbot_localization' returned '0': CMAKE_PREFIX_PATH=${CMAKE_PREFIX_PATH}:/home/aarambh/my_robot_ws/install/bumperbot_py_examples:/opt/ros/humble /usr/bin/cmake --install /home/aarambh/my_robot_ws/build/bumperbot_localization
