[0.124s] Invoking command in '/home/aarambh/my_robot_ws/build/bumperbot_firmware': CMAKE_PREFIX_PATH=${CMAKE_PREFIX_PATH}:/home/aarambh/my_robot_ws/install/bumperbot_py_examples:/opt/ros/humble /usr/bin/cmake --build /home/aarambh/my_robot_ws/build/bumperbot_firmware -- -j4 -l4
[0.675s] [ 33%] Built target bumperbot_firmware
[0.818s] [ 33%] Built target ament_cmake_python_copy_bumperbot_firmware
[1.007s] [ 66%] Built target simple_serial_transmitter
[1.168s] [100%] Built target simple_serial_receiver
[3.115s] running egg_info
[3.119s] writing bumperbot_firmware.egg-info/PKG-INFO
[3.120s] writing dependency_links to bumperbot_firmware.egg-info/dependency_links.txt
[3.122s] writing top-level names to bumperbot_firmware.egg-info/top_level.txt
[3.136s] reading manifest file 'bumperbot_firmware.egg-info/SOURCES.txt'
[3.140s] writing manifest file 'bumperbot_firmware.egg-info/SOURCES.txt'
[3.411s] [100%] Built target ament_cmake_python_build_bumperbot_firmware_egg
[3.514s] Invoked command in '/home/aarambh/my_robot_ws/build/bumperbot_firmware' returned '0': CMAKE_PREFIX_PATH=${CMAKE_PREFIX_PATH}:/home/aarambh/my_robot_ws/install/bumperbot_py_examples:/opt/ros/humble /usr/bin/cmake --build /home/aarambh/my_robot_ws/build/bumperbot_firmware -- -j4 -l4
[3.516s] Invoking command in '/home/aarambh/my_robot_ws/build/bumperbot_firmware': CMAKE_PREFIX_PATH=${CMAKE_PREFIX_PATH}:/home/aarambh/my_robot_ws/install/bumperbot_py_examples:/opt/ros/humble /usr/bin/cmake --install /home/aarambh/my_robot_ws/build/bumperbot_firmware
[3.573s] -- Install configuration: ""
[3.574s] -- Up-to-date: /home/aarambh/my_robot_ws/install/bumperbot_firmware/share/bumperbot_firmware/environment/pythonpath.sh
[3.575s] -- Up-to-date: /home/aarambh/my_robot_ws/install/bumperbot_firmware/share/bumperbot_firmware/environment/pythonpath.dsv
[3.575s] -- Up-to-date: /home/aarambh/my_robot_ws/install/bumperbot_firmware/local/lib/python3.10/dist-packages/bumperbot_firmware-0.0.0-py3.10.egg-info
[3.576s] -- Installing: /home/aarambh/my_robot_ws/install/bumperbot_firmware/local/lib/python3.10/dist-packages/bumperbot_firmware-0.0.0-py3.10.egg-info/PKG-INFO
[3.577s] -- Installing: /home/aarambh/my_robot_ws/install/bumperbot_firmware/local/lib/python3.10/dist-packages/bumperbot_firmware-0.0.0-py3.10.egg-info/top_level.txt
[3.579s] -- Installing: /home/aarambh/my_robot_ws/install/bumperbot_firmware/local/lib/python3.10/dist-packages/bumperbot_firmware-0.0.0-py3.10.egg-info/dependency_links.txt
[3.586s] -- Installing: /home/aarambh/my_robot_ws/install/bumperbot_firmware/local/lib/python3.10/dist-packages/bumperbot_firmware-0.0.0-py3.10.egg-info/SOURCES.txt
[3.586s] -- Up-to-date: /home/aarambh/my_robot_ws/install/bumperbot_firmware/local/lib/python3.10/dist-packages/bumperbot_firmware
[3.587s] -- Up-to-date: /home/aarambh/my_robot_ws/install/bumperbot_firmware/local/lib/python3.10/dist-packages/bumperbot_firmware/simple_serial_receiver.py
[3.587s] -- Up-to-date: /home/aarambh/my_robot_ws/install/bumperbot_firmware/local/lib/python3.10/dist-packages/bumperbot_firmware/__init__.py
[3.588s] -- Up-to-date: /home/aarambh/my_robot_ws/install/bumperbot_firmware/local/lib/python3.10/dist-packages/bumperbot_firmware/simple_serial_transmitter.py
[3.589s] -- Up-to-date: /home/aarambh/my_robot_ws/install/bumperbot_firmware/local/lib/python3.10/dist-packages/bumperbot_firmware/mpu6050_driver.py
[3.804s] Listing '/home/aarambh/my_robot_ws/install/bumperbot_firmware/local/lib/python3.10/dist-packages/bumperbot_firmware'...
[3.842s] -- Up-to-date: /home/aarambh/my_robot_ws/install/bumperbot_firmware/share/bumperbot_firmware/bumperbot_interface.xml
[3.844s] -- Up-to-date: /home/aarambh/my_robot_ws/install/bumperbot_firmware/lib/libbumperbot_firmware.so
[3.846s] -- Up-to-date: /home/aarambh/my_robot_ws/install/bumperbot_firmware/include/include
[3.848s] -- Up-to-date: /home/aarambh/my_robot_ws/install/bumperbot_firmware/include/include/bumperbot_firmware
[3.850s] -- Up-to-date: /home/aarambh/my_robot_ws/install/bumperbot_firmware/include/include/bumperbot_firmware/bumperbot_interface.hpp
[3.851s] -- Up-to-date: /home/aarambh/my_robot_ws/install/bumperbot_firmware/share/bumperbot_firmware/launch
[3.854s] -- Up-to-date: /home/aarambh/my_robot_ws/install/bumperbot_firmware/share/bumperbot_firmware/launch/hardware_interface.launch.py
[3.856s] -- Up-to-date: /home/aarambh/my_robot_ws/install/bumperbot_firmware/lib/bumperbot_firmware/simple_serial_transmitter.py
[3.858s] -- Up-to-date: /home/aarambh/my_robot_ws/install/bumperbot_firmware/lib/bumperbot_firmware/simple_serial_receiver.py
[3.859s] -- Up-to-date: /home/aarambh/my_robot_ws/install/bumperbot_firmware/lib/bumperbot_firmware/mpu6050_driver.py
[3.862s] -- Up-to-date: /home/aarambh/my_robot_ws/install/bumperbot_firmware/lib/bumperbot_firmware/simple_serial_receiver
[3.866s] -- Up-to-date: /home/aarambh/my_robot_ws/install/bumperbot_firmware/lib/bumperbot_firmware/simple_serial_transmitter
[3.870s] -- Up-to-date: /home/aarambh/my_robot_ws/install/bumperbot_firmware/share/bumperbot_firmware/environment/library_path.sh
[3.872s] -- Up-to-date: /home/aarambh/my_robot_ws/install/bumperbot_firmware/share/bumperbot_firmware/environment/library_path.dsv
[3.874s] -- Up-to-date: /home/aarambh/my_robot_ws/install/bumperbot_firmware/share/ament_index/resource_index/package_run_dependencies/bumperbot_firmware
[3.876s] -- Up-to-date: /home/aarambh/my_robot_ws/install/bumperbot_firmware/share/ament_index/resource_index/parent_prefix_path/bumperbot_firmware
[3.878s] -- Up-to-date: /home/aarambh/my_robot_ws/install/bumperbot_firmware/share/bumperbot_firmware/environment/ament_prefix_path.sh
[3.880s] -- Up-to-date: /home/aarambh/my_robot_ws/install/bumperbot_firmware/share/bumperbot_firmware/environment/ament_prefix_path.dsv
[3.882s] -- Up-to-date: /home/aarambh/my_robot_ws/install/bumperbot_firmware/share/bumperbot_firmware/environment/path.sh
[3.884s] -- Up-to-date: /home/aarambh/my_robot_ws/install/bumperbot_firmware/share/bumperbot_firmware/environment/path.dsv
[3.885s] -- Up-to-date: /home/aarambh/my_robot_ws/install/bumperbot_firmware/share/bumperbot_firmware/local_setup.bash
[3.887s] -- Up-to-date: /home/aarambh/my_robot_ws/install/bumperbot_firmware/share/bumperbot_firmware/local_setup.sh
[3.889s] -- Up-to-date: /home/aarambh/my_robot_ws/install/bumperbot_firmware/share/bumperbot_firmware/local_setup.zsh
[3.890s] -- Up-to-date: /home/aarambh/my_robot_ws/install/bumperbot_firmware/share/bumperbot_firmware/local_setup.dsv
[3.892s] -- Installing: /home/aarambh/my_robot_ws/install/bumperbot_firmware/share/bumperbot_firmware/package.dsv
[3.895s] -- Up-to-date: /home/aarambh/my_robot_ws/install/bumperbot_firmware/share/ament_index/resource_index/packages/bumperbot_firmware
[3.897s] -- Up-to-date: /home/aarambh/my_robot_ws/install/bumperbot_firmware/share/ament_index/resource_index/hardware_interface__pluginlib__plugin/bumperbot_firmware
[3.898s] -- Up-to-date: /home/aarambh/my_robot_ws/install/bumperbot_firmware/share/bumperbot_firmware/cmake/ament_cmake_export_include_directories-extras.cmake
[3.900s] -- Up-to-date: /home/aarambh/my_robot_ws/install/bumperbot_firmware/share/bumperbot_firmware/cmake/ament_cmake_export_libraries-extras.cmake
[3.902s] -- Up-to-date: /home/aarambh/my_robot_ws/install/bumperbot_firmware/share/bumperbot_firmware/cmake/ament_cmake_export_dependencies-extras.cmake
[3.904s] -- Up-to-date: /home/aarambh/my_robot_ws/install/bumperbot_firmware/share/bumperbot_firmware/cmake/bumperbot_firmwareConfig.cmake
[3.906s] -- Up-to-date: /home/aarambh/my_robot_ws/install/bumperbot_firmware/share/bumperbot_firmware/cmake/bumperbot_firmwareConfig-version.cmake
[3.907s] -- Up-to-date: /home/aarambh/my_robot_ws/install/bumperbot_firmware/share/bumperbot_firmware/package.xml
[3.926s] Invoked command in '/home/aarambh/my_robot_ws/build/bumperbot_firmware' returned '0': CMAKE_PREFIX_PATH=${CMAKE_PREFIX_PATH}:/home/aarambh/my_robot_ws/install/bumperbot_py_examples:/opt/ros/humble /usr/bin/cmake --install /home/aarambh/my_robot_ws/build/bumperbot_firmware
