[0.108s] Invoking command in '/home/aarambh/my_robot_ws/build/bumperbot_mapping': CMAKE_PREFIX_PATH=${CMAKE_PREFIX_PATH}:/home/aarambh/my_robot_ws/install/bumperbot_py_examples:/opt/ros/humble /usr/bin/cmake --build /home/aarambh/my_robot_ws/build/bumperbot_mapping -- -j4 -l4
[0.446s] [  0%] Built target ament_cmake_python_copy_bumperbot_mapping
[0.461s] [100%] Built target mapping_with_known_poses
[2.547s] running egg_info
[2.550s] writing bumperbot_mapping.egg-info/PKG-INFO
[2.552s] writing dependency_links to bumperbot_mapping.egg-info/dependency_links.txt
[2.553s] writing top-level names to bumperbot_mapping.egg-info/top_level.txt
[2.568s] reading manifest file 'bumperbot_mapping.egg-info/SOURCES.txt'
[2.572s] writing manifest file 'bumperbot_mapping.egg-info/SOURCES.txt'
[2.773s] [100%] Built target ament_cmake_python_build_bumperbot_mapping_egg
[2.843s] Invoked command in '/home/aarambh/my_robot_ws/build/bumperbot_mapping' returned '0': CMAKE_PREFIX_PATH=${CMAKE_PREFIX_PATH}:/home/aarambh/my_robot_ws/install/bumperbot_py_examples:/opt/ros/humble /usr/bin/cmake --build /home/aarambh/my_robot_ws/build/bumperbot_mapping -- -j4 -l4
[2.845s] Invoking command in '/home/aarambh/my_robot_ws/build/bumperbot_mapping': CMAKE_PREFIX_PATH=${CMAKE_PREFIX_PATH}:/home/aarambh/my_robot_ws/install/bumperbot_py_examples:/opt/ros/humble /usr/bin/cmake --install /home/aarambh/my_robot_ws/build/bumperbot_mapping
[2.894s] -- Install configuration: ""
[2.896s] -- Up-to-date: /home/aarambh/my_robot_ws/install/bumperbot_mapping/share/bumperbot_mapping/environment/pythonpath.sh
[2.899s] -- Up-to-date: /home/aarambh/my_robot_ws/install/bumperbot_mapping/share/bumperbot_mapping/environment/pythonpath.dsv
[2.901s] -- Up-to-date: /home/aarambh/my_robot_ws/install/bumperbot_mapping/local/lib/python3.10/dist-packages/bumperbot_mapping-0.0.0-py3.10.egg-info
[2.903s] -- Installing: /home/aarambh/my_robot_ws/install/bumperbot_mapping/local/lib/python3.10/dist-packages/bumperbot_mapping-0.0.0-py3.10.egg-info/PKG-INFO
[2.906s] -- Installing: /home/aarambh/my_robot_ws/install/bumperbot_mapping/local/lib/python3.10/dist-packages/bumperbot_mapping-0.0.0-py3.10.egg-info/top_level.txt
[2.909s] -- Installing: /home/aarambh/my_robot_ws/install/bumperbot_mapping/local/lib/python3.10/dist-packages/bumperbot_mapping-0.0.0-py3.10.egg-info/dependency_links.txt
[2.912s] -- Installing: /home/aarambh/my_robot_ws/install/bumperbot_mapping/local/lib/python3.10/dist-packages/bumperbot_mapping-0.0.0-py3.10.egg-info/SOURCES.txt
[2.915s] -- Up-to-date: /home/aarambh/my_robot_ws/install/bumperbot_mapping/local/lib/python3.10/dist-packages/bumperbot_mapping
[2.917s] -- Up-to-date: /home/aarambh/my_robot_ws/install/bumperbot_mapping/local/lib/python3.10/dist-packages/bumperbot_mapping/__init__.py
[2.918s] -- Up-to-date: /home/aarambh/my_robot_ws/install/bumperbot_mapping/local/lib/python3.10/dist-packages/bumperbot_mapping/mapping_with_known_poses.py
[3.223s] Listing '/home/aarambh/my_robot_ws/install/bumperbot_mapping/local/lib/python3.10/dist-packages/bumperbot_mapping'...
[3.285s] -- Up-to-date: /home/aarambh/my_robot_ws/install/bumperbot_mapping/include/include
[3.286s] -- Up-to-date: /home/aarambh/my_robot_ws/install/bumperbot_mapping/include/include/bumperbot_mapping
[3.287s] -- Up-to-date: /home/aarambh/my_robot_ws/install/bumperbot_mapping/include/include/bumperbot_mapping/mapping_with_known_poses.hpp
[3.290s] -- Up-to-date: /home/aarambh/my_robot_ws/install/bumperbot_mapping/lib/bumperbot_mapping/mapping_with_known_poses
[3.293s] -- Up-to-date: /home/aarambh/my_robot_ws/install/bumperbot_mapping/share/bumperbot_mapping/config
[3.296s] -- Up-to-date: /home/aarambh/my_robot_ws/install/bumperbot_mapping/share/bumperbot_mapping/config/slam_toolbox.yaml
[3.299s] -- Up-to-date: /home/aarambh/my_robot_ws/install/bumperbot_mapping/share/bumperbot_mapping/launch
[3.302s] -- Up-to-date: /home/aarambh/my_robot_ws/install/bumperbot_mapping/share/bumperbot_mapping/launch/slam.launch.py
[3.303s] -- Up-to-date: /home/aarambh/my_robot_ws/install/bumperbot_mapping/share/bumperbot_mapping/maps
[3.304s] -- Up-to-date: /home/aarambh/my_robot_ws/install/bumperbot_mapping/share/bumperbot_mapping/maps/small_house
[3.305s] -- Up-to-date: /home/aarambh/my_robot_ws/install/bumperbot_mapping/share/bumperbot_mapping/maps/small_house/map.pgm
[3.306s] -- Up-to-date: /home/aarambh/my_robot_ws/install/bumperbot_mapping/share/bumperbot_mapping/maps/small_house/map.yaml
[3.306s] -- Up-to-date: /home/aarambh/my_robot_ws/install/bumperbot_mapping/share/bumperbot_mapping/maps/my_maps
[3.307s] -- Up-to-date: /home/aarambh/my_robot_ws/install/bumperbot_mapping/share/bumperbot_mapping/maps/my_maps/map.pgm
[3.308s] -- Up-to-date: /home/aarambh/my_robot_ws/install/bumperbot_mapping/share/bumperbot_mapping/maps/my_maps/map.yaml
[3.308s] -- Up-to-date: /home/aarambh/my_robot_ws/install/bumperbot_mapping/share/bumperbot_mapping/maps/small_warehouse
[3.309s] -- Up-to-date: /home/aarambh/my_robot_ws/install/bumperbot_mapping/share/bumperbot_mapping/maps/small_warehouse/map.pgm
[3.310s] -- Up-to-date: /home/aarambh/my_robot_ws/install/bumperbot_mapping/share/bumperbot_mapping/maps/small_warehouse/map.yaml
[3.313s] -- Up-to-date: /home/aarambh/my_robot_ws/install/bumperbot_mapping/share/bumperbot_mapping/rviz
[3.315s] -- Up-to-date: /home/aarambh/my_robot_ws/install/bumperbot_mapping/share/bumperbot_mapping/rviz/slam.rviz
[3.316s] -- Up-to-date: /home/aarambh/my_robot_ws/install/bumperbot_mapping/lib/bumperbot_mapping/mapping_with_known_poses.py
[3.319s] -- Up-to-date: /home/aarambh/my_robot_ws/install/bumperbot_mapping/share/ament_index/resource_index/package_run_dependencies/bumperbot_mapping
[3.320s] -- Up-to-date: /home/aarambh/my_robot_ws/install/bumperbot_mapping/share/ament_index/resource_index/parent_prefix_path/bumperbot_mapping
[3.321s] -- Up-to-date: /home/aarambh/my_robot_ws/install/bumperbot_mapping/share/bumperbot_mapping/environment/ament_prefix_path.sh
[3.323s] -- Up-to-date: /home/aarambh/my_robot_ws/install/bumperbot_mapping/share/bumperbot_mapping/environment/ament_prefix_path.dsv
[3.327s] -- Up-to-date: /home/aarambh/my_robot_ws/install/bumperbot_mapping/share/bumperbot_mapping/environment/path.sh
[3.343s] -- Up-to-date: /home/aarambh/my_robot_ws/install/bumperbot_mapping/share/bumperbot_mapping/environment/path.dsv
[3.344s] -- Up-to-date: /home/aarambh/my_robot_ws/install/bumperbot_mapping/share/bumperbot_mapping/local_setup.bash
[3.344s] -- Up-to-date: /home/aarambh/my_robot_ws/install/bumperbot_mapping/share/bumperbot_mapping/local_setup.sh
[3.345s] -- Up-to-date: /home/aarambh/my_robot_ws/install/bumperbot_mapping/share/bumperbot_mapping/local_setup.zsh
[3.345s] -- Up-to-date: /home/aarambh/my_robot_ws/install/bumperbot_mapping/share/bumperbot_mapping/local_setup.dsv
[3.346s] -- Installing: /home/aarambh/my_robot_ws/install/bumperbot_mapping/share/bumperbot_mapping/package.dsv
[3.346s] -- Up-to-date: /home/aarambh/my_robot_ws/install/bumperbot_mapping/share/ament_index/resource_index/packages/bumperbot_mapping
[3.347s] -- Up-to-date: /home/aarambh/my_robot_ws/install/bumperbot_mapping/share/bumperbot_mapping/cmake/bumperbot_mappingConfig.cmake
[3.348s] -- Up-to-date: /home/aarambh/my_robot_ws/install/bumperbot_mapping/share/bumperbot_mapping/cmake/bumperbot_mappingConfig-version.cmake
[3.348s] -- Up-to-date: /home/aarambh/my_robot_ws/install/bumperbot_mapping/share/bumperbot_mapping/package.xml
[3.349s] Invoked command in '/home/aarambh/my_robot_ws/build/bumperbot_mapping' returned '0': CMAKE_PREFIX_PATH=${CMAKE_PREFIX_PATH}:/home/aarambh/my_robot_ws/install/bumperbot_py_examples:/opt/ros/humble /usr/bin/cmake --install /home/aarambh/my_robot_ws/build/bumperbot_mapping
