[0.123s] Invoking command in '/home/aarambh/my_robot_ws/build/bumperbot_planning': CMAKE_PREFIX_PATH=${CMAKE_PREFIX_PATH}:/home/aarambh/my_robot_ws/install/bumperbot_py_examples:/opt/ros/humble /usr/bin/cmake /home/aarambh/my_robot_ws/src/bumperbot_planning -DCMAKE_INSTALL_PREFIX=/home/aarambh/my_robot_ws/install/bumperbot_planning
[0.966s] -- The C compiler identification is GNU 11.4.0
[1.764s] -- The CXX compiler identification is GNU 11.4.0
[1.846s] -- Detecting C compiler ABI info
[2.879s] -- Detecting C compiler ABI info - done
[2.941s] -- Check for working C compiler: /usr/bin/cc - skipped
[2.942s] -- Detecting C compile features
[2.944s] -- Detecting C compile features - done
[2.979s] -- Detecting CXX compiler ABI info
[3.863s] -- Detecting CXX compiler ABI info - done
[3.898s] -- Check for working CXX compiler: /usr/bin/c++ - skipped
[3.902s] -- Detecting CXX compile features
[3.905s] -- Detecting CXX compile features - done
[3.956s] -- Found ament_cmake: 1.3.12 (/opt/ros/humble/share/ament_cmake/cmake)
[5.571s] -- Found Python3: /usr/bin/python3 (found version "3.10.12") found components: Interpreter 
[6.806s] -- Found rclcpp: 16.0.17 (/opt/ros/humble/share/rclcpp/cmake)
[7.546s] -- Found rosidl_generator_c: 3.1.8 (/opt/ros/humble/share/rosidl_generator_c/cmake)
[7.690s] -- Found rosidl_adapter: 3.1.8 (/opt/ros/humble/share/rosidl_adapter/cmake)
[7.887s] -- Found rosidl_generator_cpp: 3.1.8 (/opt/ros/humble/share/rosidl_generator_cpp/cmake)
[8.014s] -- Using all available rosidl_typesupport_c: rosidl_typesupport_fastrtps_c;rosidl_typesupport_introspection_c
[8.215s] -- Using all available rosidl_typesupport_cpp: rosidl_typesupport_fastrtps_cpp;rosidl_typesupport_introspection_cpp
[8.981s] -- Found rmw_implementation_cmake: 6.1.2 (/opt/ros/humble/share/rmw_implementation_cmake/cmake)
[9.078s] -- Found rmw_fastrtps_cpp: 6.2.9 (/opt/ros/humble/share/rmw_fastrtps_cpp/cmake)
[10.491s] -- Found OpenSSL: /usr/lib/aarch64-linux-gnu/libcrypto.so (found version "3.0.2")  
[10.952s] -- Found FastRTPS: /opt/ros/humble/include  
[11.590s] -- Using RMW implementation 'rmw_fastrtps_cpp' as default
[11.735s] -- Looking for pthread.h
[12.614s] -- Looking for pthread.h - found
[12.616s] -- Performing Test CMAKE_HAVE_LIBC_PTHREAD
[13.609s] -- Performing Test CMAKE_HAVE_LIBC_PTHREAD - Success
[13.628s] -- Found Threads: TRUE  
[14.162s] -- Found rclpy: 3.3.19 (/opt/ros/humble/share/rclpy/cmake)
[14.239s] -- Found nav_msgs: 4.9.0 (/opt/ros/humble/share/nav_msgs/cmake)
[14.606s] -- Found tf2_ros: 0.25.18 (/opt/ros/humble/share/tf2_ros/cmake)
[16.164s] -- Found nav2_core: 1.1.20 (/opt/ros/humble/share/nav2_core/cmake)
[19.859s] -- Found Eigen3: TRUE (found version "3.4.0") 
[19.862s] -- Ensuring Eigen3 include directory is part of orocos-kdl CMake target
[24.343s] -- Configuring done
[25.272s] -- Generating done
[25.347s] -- Build files have been written to: /home/aarambh/my_robot_ws/build/bumperbot_planning
[25.450s] Invoked command in '/home/aarambh/my_robot_ws/build/bumperbot_planning' returned '0': CMAKE_PREFIX_PATH=${CMAKE_PREFIX_PATH}:/home/aarambh/my_robot_ws/install/bumperbot_py_examples:/opt/ros/humble /usr/bin/cmake /home/aarambh/my_robot_ws/src/bumperbot_planning -DCMAKE_INSTALL_PREFIX=/home/aarambh/my_robot_ws/install/bumperbot_planning
[25.452s] Invoking command in '/home/aarambh/my_robot_ws/build/bumperbot_planning': CMAKE_PREFIX_PATH=${CMAKE_PREFIX_PATH}:/home/aarambh/my_robot_ws/install/bumperbot_py_examples:/opt/ros/humble /usr/bin/cmake --build /home/aarambh/my_robot_ws/build/bumperbot_planning -- -j4 -l4
[25.981s] [  0%] Built target ament_cmake_python_copy_bumperbot_planning
[26.169s] [ 25%] [32mBuilding CXX object CMakeFiles/a_star_planner.dir/src/a_star_planner.cpp.o[0m
[65.552s] [ 50%] [32m[1mLinking CXX shared library liba_star_planner.so[0m
[70.168s] [ 50%] Built target a_star_planner
[72.534s] running egg_info
[72.539s] creating bumperbot_planning.egg-info
[72.541s] writing bumperbot_planning.egg-info/PKG-INFO
[72.544s] writing dependency_links to bumperbot_planning.egg-info/dependency_links.txt
[72.547s] writing top-level names to bumperbot_planning.egg-info/top_level.txt
[72.550s] writing manifest file 'bumperbot_planning.egg-info/SOURCES.txt'
[72.565s] reading manifest file 'bumperbot_planning.egg-info/SOURCES.txt'
[72.571s] writing manifest file 'bumperbot_planning.egg-info/SOURCES.txt'
[72.773s] [ 50%] Built target ament_cmake_python_build_bumperbot_planning_egg
[72.907s] [ 75%] [32mBuilding CXX object CMakeFiles/dijkstra_planner.dir/src/dijkstra_planner.cpp.o[0m
[113.044s] [100%] [32m[1mLinking CXX shared library libdijkstra_planner.so[0m
[117.065s] [100%] Built target dijkstra_planner
[117.205s] Invoked command in '/home/aarambh/my_robot_ws/build/bumperbot_planning' returned '0': CMAKE_PREFIX_PATH=${CMAKE_PREFIX_PATH}:/home/aarambh/my_robot_ws/install/bumperbot_py_examples:/opt/ros/humble /usr/bin/cmake --build /home/aarambh/my_robot_ws/build/bumperbot_planning -- -j4 -l4
[117.218s] Invoking command in '/home/aarambh/my_robot_ws/build/bumperbot_planning': CMAKE_PREFIX_PATH=${CMAKE_PREFIX_PATH}:/home/aarambh/my_robot_ws/install/bumperbot_py_examples:/opt/ros/humble /usr/bin/cmake --install /home/aarambh/my_robot_ws/build/bumperbot_planning
[117.266s] -- Install configuration: ""
[117.270s] -- Installing: /home/aarambh/my_robot_ws/install/bumperbot_planning/share/bumperbot_planning/environment/pythonpath.sh
[117.273s] -- Installing: /home/aarambh/my_robot_ws/install/bumperbot_planning/share/bumperbot_planning/environment/pythonpath.dsv
[117.276s] -- Installing: /home/aarambh/my_robot_ws/install/bumperbot_planning/local/lib/python3.10/dist-packages/bumperbot_planning-0.0.0-py3.10.egg-info
[117.280s] -- Installing: /home/aarambh/my_robot_ws/install/bumperbot_planning/local/lib/python3.10/dist-packages/bumperbot_planning-0.0.0-py3.10.egg-info/PKG-INFO
[117.283s] -- Installing: /home/aarambh/my_robot_ws/install/bumperbot_planning/local/lib/python3.10/dist-packages/bumperbot_planning-0.0.0-py3.10.egg-info/top_level.txt
[117.286s] -- Installing: /home/aarambh/my_robot_ws/install/bumperbot_planning/local/lib/python3.10/dist-packages/bumperbot_planning-0.0.0-py3.10.egg-info/dependency_links.txt
[117.289s] -- Installing: /home/aarambh/my_robot_ws/install/bumperbot_planning/local/lib/python3.10/dist-packages/bumperbot_planning-0.0.0-py3.10.egg-info/SOURCES.txt
[117.293s] -- Installing: /home/aarambh/my_robot_ws/install/bumperbot_planning/local/lib/python3.10/dist-packages/bumperbot_planning
[117.295s] -- Installing: /home/aarambh/my_robot_ws/install/bumperbot_planning/local/lib/python3.10/dist-packages/bumperbot_planning/__init__.py
[117.298s] -- Installing: /home/aarambh/my_robot_ws/install/bumperbot_planning/local/lib/python3.10/dist-packages/bumperbot_planning/dijkstra_planner.py
[117.302s] -- Installing: /home/aarambh/my_robot_ws/install/bumperbot_planning/local/lib/python3.10/dist-packages/bumperbot_planning/a_star_planner.py
[117.580s] Listing '/home/aarambh/my_robot_ws/install/bumperbot_planning/local/lib/python3.10/dist-packages/bumperbot_planning'...
[117.581s] Compiling '/home/aarambh/my_robot_ws/install/bumperbot_planning/local/lib/python3.10/dist-packages/bumperbot_planning/__init__.py'...
[117.582s] Compiling '/home/aarambh/my_robot_ws/install/bumperbot_planning/local/lib/python3.10/dist-packages/bumperbot_planning/a_star_planner.py'...
[117.583s] Compiling '/home/aarambh/my_robot_ws/install/bumperbot_planning/local/lib/python3.10/dist-packages/bumperbot_planning/dijkstra_planner.py'...
[117.627s] -- Installing: /home/aarambh/my_robot_ws/install/bumperbot_planning/share/bumperbot_planning/global_planner_plugins.xml
[117.631s] -- Installing: /home/aarambh/my_robot_ws/install/bumperbot_planning/lib/libdijkstra_planner.so
[117.650s] -- Set runtime path of "/home/aarambh/my_robot_ws/install/bumperbot_planning/lib/libdijkstra_planner.so" to ""
[117.652s] -- Installing: /home/aarambh/my_robot_ws/install/bumperbot_planning/lib/liba_star_planner.so
[117.668s] -- Set runtime path of "/home/aarambh/my_robot_ws/install/bumperbot_planning/lib/liba_star_planner.so" to ""
[117.670s] -- Installing: /home/aarambh/my_robot_ws/install/bumperbot_planning/include/include
[117.673s] -- Installing: /home/aarambh/my_robot_ws/install/bumperbot_planning/include/include/bumperbot_planning
[117.675s] -- Installing: /home/aarambh/my_robot_ws/install/bumperbot_planning/include/include/bumperbot_planning/a_star_planner.hpp
[117.678s] -- Installing: /home/aarambh/my_robot_ws/install/bumperbot_planning/include/include/bumperbot_planning/dijkstra_planner.hpp
[117.682s] -- Up-to-date: /home/aarambh/my_robot_ws/install/bumperbot_planning/share/bumperbot_planning/global_planner_plugins.xml
[117.684s] -- Installing: /home/aarambh/my_robot_ws/install/bumperbot_planning/lib/bumperbot_planning/a_star_planner.py
[117.687s] -- Installing: /home/aarambh/my_robot_ws/install/bumperbot_planning/lib/bumperbot_planning/dijkstra_planner.py
[117.691s] -- Installing: /home/aarambh/my_robot_ws/install/bumperbot_planning/share/bumperbot_planning/environment/library_path.sh
[117.694s] -- Installing: /home/aarambh/my_robot_ws/install/bumperbot_planning/share/bumperbot_planning/environment/library_path.dsv
[117.699s] -- Installing: /home/aarambh/my_robot_ws/install/bumperbot_planning/share/ament_index/resource_index/package_run_dependencies/bumperbot_planning
[117.703s] -- Installing: /home/aarambh/my_robot_ws/install/bumperbot_planning/share/ament_index/resource_index/parent_prefix_path/bumperbot_planning
[117.707s] -- Installing: /home/aarambh/my_robot_ws/install/bumperbot_planning/share/bumperbot_planning/environment/ament_prefix_path.sh
[117.710s] -- Installing: /home/aarambh/my_robot_ws/install/bumperbot_planning/share/bumperbot_planning/environment/ament_prefix_path.dsv
[117.713s] -- Installing: /home/aarambh/my_robot_ws/install/bumperbot_planning/share/bumperbot_planning/environment/path.sh
[117.717s] -- Installing: /home/aarambh/my_robot_ws/install/bumperbot_planning/share/bumperbot_planning/environment/path.dsv
[117.720s] -- Installing: /home/aarambh/my_robot_ws/install/bumperbot_planning/share/bumperbot_planning/local_setup.bash
[117.723s] -- Installing: /home/aarambh/my_robot_ws/install/bumperbot_planning/share/bumperbot_planning/local_setup.sh
[117.727s] -- Installing: /home/aarambh/my_robot_ws/install/bumperbot_planning/share/bumperbot_planning/local_setup.zsh
[117.730s] -- Installing: /home/aarambh/my_robot_ws/install/bumperbot_planning/share/bumperbot_planning/local_setup.dsv
[117.733s] -- Installing: /home/aarambh/my_robot_ws/install/bumperbot_planning/share/bumperbot_planning/package.dsv
[117.738s] -- Installing: /home/aarambh/my_robot_ws/install/bumperbot_planning/share/ament_index/resource_index/packages/bumperbot_planning
[117.743s] -- Installing: /home/aarambh/my_robot_ws/install/bumperbot_planning/share/ament_index/resource_index/nav2_core__pluginlib__plugin/bumperbot_planning
[117.747s] -- Installing: /home/aarambh/my_robot_ws/install/bumperbot_planning/share/bumperbot_planning/cmake/ament_cmake_export_include_directories-extras.cmake
[117.750s] -- Installing: /home/aarambh/my_robot_ws/install/bumperbot_planning/share/bumperbot_planning/cmake/ament_cmake_export_libraries-extras.cmake
[117.754s] -- Installing: /home/aarambh/my_robot_ws/install/bumperbot_planning/share/bumperbot_planning/cmake/ament_cmake_export_dependencies-extras.cmake
[117.758s] -- Installing: /home/aarambh/my_robot_ws/install/bumperbot_planning/share/bumperbot_planning/cmake/bumperbot_planningConfig.cmake
[117.761s] -- Installing: /home/aarambh/my_robot_ws/install/bumperbot_planning/share/bumperbot_planning/cmake/bumperbot_planningConfig-version.cmake
[117.764s] -- Installing: /home/aarambh/my_robot_ws/install/bumperbot_planning/share/bumperbot_planning/package.xml
[117.782s] Invoked command in '/home/aarambh/my_robot_ws/build/bumperbot_planning' returned '0': CMAKE_PREFIX_PATH=${CMAKE_PREFIX_PATH}:/home/aarambh/my_robot_ws/install/bumperbot_py_examples:/opt/ros/humble /usr/bin/cmake --install /home/aarambh/my_robot_ws/build/bumperbot_planning
