[0.068s] Invoking command in '/home/aarambh/my_robot_ws/build/bumperbot_navigation': AMENT_PREFIX_PATH=/home/aarambh/my_robot_ws/install/bumperbot_planning:${AMENT_PREFIX_PATH} CMAKE_PREFIX_PATH=/home/aarambh/my_robot_ws/install/bumperbot_planning:/opt/ros/humble LD_LIBRARY_PATH=/home/aarambh/my_robot_ws/install/bumperbot_planning/lib:${LD_LIBRARY_PATH} PYTHONPATH=/home/aarambh/my_robot_ws/install/bumperbot_planning/local/lib/python3.10/dist-packages:${PYTHONPATH} /usr/bin/cmake --build /home/aarambh/my_robot_ws/build/bumperbot_navigation -- -j4 -l4
[0.293s] Invoked command in '/home/aarambh/my_robot_ws/build/bumperbot_navigation' returned '0': AMENT_PREFIX_PATH=/home/aarambh/my_robot_ws/install/bumperbot_planning:${AMENT_PREFIX_PATH} CMAKE_PREFIX_PATH=/home/aarambh/my_robot_ws/install/bumperbot_planning:/opt/ros/humble LD_LIBRARY_PATH=/home/aarambh/my_robot_ws/install/bumperbot_planning/lib:${LD_LIBRARY_PATH} PYTHONPATH=/home/aarambh/my_robot_ws/install/bumperbot_planning/local/lib/python3.10/dist-packages:${PYTHONPATH} /usr/bin/cmake --build /home/aarambh/my_robot_ws/build/bumperbot_navigation -- -j4 -l4
[0.296s] Invoking command in '/home/aarambh/my_robot_ws/build/bumperbot_navigation': AMENT_PREFIX_PATH=/home/aarambh/my_robot_ws/install/bumperbot_planning:${AMENT_PREFIX_PATH} CMAKE_PREFIX_PATH=/home/aarambh/my_robot_ws/install/bumperbot_planning:/opt/ros/humble LD_LIBRARY_PATH=/home/aarambh/my_robot_ws/install/bumperbot_planning/lib:${LD_LIBRARY_PATH} PYTHONPATH=/home/aarambh/my_robot_ws/install/bumperbot_planning/local/lib/python3.10/dist-packages:${PYTHONPATH} /usr/bin/cmake --install /home/aarambh/my_robot_ws/build/bumperbot_navigation
[0.434s] -- Install configuration: ""
[0.438s] -- Up-to-date: /home/aarambh/my_robot_ws/install/bumperbot_navigation/share/bumperbot_navigation/behavior_tree
[0.440s] -- Up-to-date: /home/aarambh/my_robot_ws/install/bumperbot_navigation/share/bumperbot_navigation/behavior_tree/simple_navigation_w_replanning_and_recovery.xml
[0.441s] -- Up-to-date: /home/aarambh/my_robot_ws/install/bumperbot_navigation/share/bumperbot_navigation/behavior_tree/simple_navigation.xml
[0.442s] -- Up-to-date: /home/aarambh/my_robot_ws/install/bumperbot_navigation/share/bumperbot_navigation/behavior_tree/simple_navigation_w_replanning.xml
[0.444s] -- Up-to-date: /home/aarambh/my_robot_ws/install/bumperbot_navigation/share/bumperbot_navigation/config
[0.448s] -- Up-to-date: /home/aarambh/my_robot_ws/install/bumperbot_navigation/share/bumperbot_navigation/config/costmap.yaml
[0.449s] -- Up-to-date: /home/aarambh/my_robot_ws/install/bumperbot_navigation/share/bumperbot_navigation/config/smoother_server.yaml
[0.451s] -- Up-to-date: /home/aarambh/my_robot_ws/install/bumperbot_navigation/share/bumperbot_navigation/config/planner_server.yaml
[0.460s] -- Up-to-date: /home/aarambh/my_robot_ws/install/bumperbot_navigation/share/bumperbot_navigation/config/controller_server.yaml
[0.461s] -- Up-to-date: /home/aarambh/my_robot_ws/install/bumperbot_navigation/share/bumperbot_navigation/config/bt_navigator.yaml
[0.461s] -- Up-to-date: /home/aarambh/my_robot_ws/install/bumperbot_navigation/share/bumperbot_navigation/config/behavior_server.yaml
[0.462s] -- Up-to-date: /home/aarambh/my_robot_ws/install/bumperbot_navigation/share/bumperbot_navigation/launch
[0.469s] -- Up-to-date: /home/aarambh/my_robot_ws/install/bumperbot_navigation/share/bumperbot_navigation/launch/navigation.launch.py
[0.470s] -- Up-to-date: /home/aarambh/my_robot_ws/install/bumperbot_navigation/share/ament_index/resource_index/package_run_dependencies/bumperbot_navigation
[0.472s] -- Up-to-date: /home/aarambh/my_robot_ws/install/bumperbot_navigation/share/ament_index/resource_index/parent_prefix_path/bumperbot_navigation
[0.473s] -- Up-to-date: /home/aarambh/my_robot_ws/install/bumperbot_navigation/share/bumperbot_navigation/environment/ament_prefix_path.sh
[0.475s] -- Up-to-date: /home/aarambh/my_robot_ws/install/bumperbot_navigation/share/bumperbot_navigation/environment/ament_prefix_path.dsv
[0.475s] -- Up-to-date: /home/aarambh/my_robot_ws/install/bumperbot_navigation/share/bumperbot_navigation/environment/path.sh
[0.480s] -- Up-to-date: /home/aarambh/my_robot_ws/install/bumperbot_navigation/share/bumperbot_navigation/environment/path.dsv
[0.481s] -- Up-to-date: /home/aarambh/my_robot_ws/install/bumperbot_navigation/share/bumperbot_navigation/local_setup.bash
[0.481s] -- Up-to-date: /home/aarambh/my_robot_ws/install/bumperbot_navigation/share/bumperbot_navigation/local_setup.sh
[0.482s] -- Up-to-date: /home/aarambh/my_robot_ws/install/bumperbot_navigation/share/bumperbot_navigation/local_setup.zsh
[0.483s] -- Up-to-date: /home/aarambh/my_robot_ws/install/bumperbot_navigation/share/bumperbot_navigation/local_setup.dsv
[0.483s] -- Installing: /home/aarambh/my_robot_ws/install/bumperbot_navigation/share/bumperbot_navigation/package.dsv
[0.484s] -- Up-to-date: /home/aarambh/my_robot_ws/install/bumperbot_navigation/share/ament_index/resource_index/packages/bumperbot_navigation
[0.484s] -- Up-to-date: /home/aarambh/my_robot_ws/install/bumperbot_navigation/share/bumperbot_navigation/cmake/bumperbot_navigationConfig.cmake
[0.485s] -- Up-to-date: /home/aarambh/my_robot_ws/install/bumperbot_navigation/share/bumperbot_navigation/cmake/bumperbot_navigationConfig-version.cmake
[0.486s] -- Up-to-date: /home/aarambh/my_robot_ws/install/bumperbot_navigation/share/bumperbot_navigation/package.xml
[0.619s] Invoked command in '/home/aarambh/my_robot_ws/build/bumperbot_navigation' returned '0': AMENT_PREFIX_PATH=/home/aarambh/my_robot_ws/install/bumperbot_planning:${AMENT_PREFIX_PATH} CMAKE_PREFIX_PATH=/home/aarambh/my_robot_ws/install/bumperbot_planning:/opt/ros/humble LD_LIBRARY_PATH=/home/aarambh/my_robot_ws/install/bumperbot_planning/lib:${LD_LIBRARY_PATH} PYTHONPATH=/home/aarambh/my_robot_ws/install/bumperbot_planning/local/lib/python3.10/dist-packages:${PYTHONPATH} /usr/bin/cmake --install /home/aarambh/my_robot_ws/build/bumperbot_navigation
