[0.138s] Invoking command in '/home/aarambh/my_robot_ws/build/bumperbot_firmware': CMAKE_PREFIX_PATH=${CMAKE_PREFIX_PATH}:/home/aarambh/my_robot_ws/install/bumperbot_py_examples:/opt/ros/humble /usr/bin/cmake --build /home/aarambh/my_robot_ws/build/bumperbot_firmware -- -j4 -l4
[0.820s] [  0%] Built target ament_cmake_python_copy_bumperbot_firmware
[1.199s] [ 33%] Built target simple_serial_transmitter
[2.661s] running egg_info
[2.664s] writing bumperbot_firmware.egg-info/PKG-INFO
[2.666s] writing dependency_links to bumperbot_firmware.egg-info/dependency_links.txt
[2.667s] writing top-level names to bumperbot_firmware.egg-info/top_level.txt
[2.680s] reading manifest file 'bumperbot_firmware.egg-info/SOURCES.txt'
[2.683s] writing manifest file 'bumperbot_firmware.egg-info/SOURCES.txt'
[2.933s] [ 33%] Built target ament_cmake_python_build_bumperbot_firmware_egg
[3.113s] [ 66%] Built target simple_serial_receiver
[3.277s] [100%] Built target bumperbot_firmware
[3.341s] Invoked command in '/home/aarambh/my_robot_ws/build/bumperbot_firmware' returned '0': CMAKE_PREFIX_PATH=${CMAKE_PREFIX_PATH}:/home/aarambh/my_robot_ws/install/bumperbot_py_examples:/opt/ros/humble /usr/bin/cmake --build /home/aarambh/my_robot_ws/build/bumperbot_firmware -- -j4 -l4
[3.345s] Invoking command in '/home/aarambh/my_robot_ws/build/bumperbot_firmware': CMAKE_PREFIX_PATH=${CMAKE_PREFIX_PATH}:/home/aarambh/my_robot_ws/install/bumperbot_py_examples:/opt/ros/humble /usr/bin/cmake --install /home/aarambh/my_robot_ws/build/bumperbot_firmware
[3.394s] -- Install configuration: ""
[3.395s] -- Up-to-date: /home/aarambh/my_robot_ws/install/bumperbot_firmware/share/bumperbot_firmware/environment/pythonpath.sh
[3.397s] -- Up-to-date: /home/aarambh/my_robot_ws/install/bumperbot_firmware/share/bumperbot_firmware/environment/pythonpath.dsv
[3.398s] -- Up-to-date: /home/aarambh/my_robot_ws/install/bumperbot_firmware/local/lib/python3.10/dist-packages/bumperbot_firmware-0.0.0-py3.10.egg-info
[3.400s] -- Installing: /home/aarambh/my_robot_ws/install/bumperbot_firmware/local/lib/python3.10/dist-packages/bumperbot_firmware-0.0.0-py3.10.egg-info/PKG-INFO
[3.403s] -- Installing: /home/aarambh/my_robot_ws/install/bumperbot_firmware/local/lib/python3.10/dist-packages/bumperbot_firmware-0.0.0-py3.10.egg-info/top_level.txt
[3.406s] -- Installing: /home/aarambh/my_robot_ws/install/bumperbot_firmware/local/lib/python3.10/dist-packages/bumperbot_firmware-0.0.0-py3.10.egg-info/dependency_links.txt
[3.408s] -- Installing: /home/aarambh/my_robot_ws/install/bumperbot_firmware/local/lib/python3.10/dist-packages/bumperbot_firmware-0.0.0-py3.10.egg-info/SOURCES.txt
[3.411s] -- Up-to-date: /home/aarambh/my_robot_ws/install/bumperbot_firmware/local/lib/python3.10/dist-packages/bumperbot_firmware
[3.413s] -- Up-to-date: /home/aarambh/my_robot_ws/install/bumperbot_firmware/local/lib/python3.10/dist-packages/bumperbot_firmware/simple_serial_receiver.py
[3.415s] -- Up-to-date: /home/aarambh/my_robot_ws/install/bumperbot_firmware/local/lib/python3.10/dist-packages/bumperbot_firmware/__init__.py
[3.416s] -- Up-to-date: /home/aarambh/my_robot_ws/install/bumperbot_firmware/local/lib/python3.10/dist-packages/bumperbot_firmware/simple_serial_transmitter.py
[3.418s] -- Up-to-date: /home/aarambh/my_robot_ws/install/bumperbot_firmware/local/lib/python3.10/dist-packages/bumperbot_firmware/mpu6050_driver.py
[3.663s] Listing '/home/aarambh/my_robot_ws/install/bumperbot_firmware/local/lib/python3.10/dist-packages/bumperbot_firmware'...
[3.700s] -- Up-to-date: /home/aarambh/my_robot_ws/install/bumperbot_firmware/share/bumperbot_firmware/bumperbot_interface.xml
[3.702s] -- Up-to-date: /home/aarambh/my_robot_ws/install/bumperbot_firmware/lib/libbumperbot_firmware.so
[3.715s] -- Up-to-date: /home/aarambh/my_robot_ws/install/bumperbot_firmware/include/include
[3.716s] -- Up-to-date: /home/aarambh/my_robot_ws/install/bumperbot_firmware/include/include/bumperbot_firmware
[3.717s] -- Up-to-date: /home/aarambh/my_robot_ws/install/bumperbot_firmware/include/include/bumperbot_firmware/bumperbot_interface.hpp
[3.718s] -- Up-to-date: /home/aarambh/my_robot_ws/install/bumperbot_firmware/share/bumperbot_firmware/launch
[3.719s] -- Up-to-date: /home/aarambh/my_robot_ws/install/bumperbot_firmware/share/bumperbot_firmware/launch/hardware_interface.launch.py
[3.719s] -- Up-to-date: /home/aarambh/my_robot_ws/install/bumperbot_firmware/lib/bumperbot_firmware/simple_serial_transmitter.py
[3.720s] -- Up-to-date: /home/aarambh/my_robot_ws/install/bumperbot_firmware/lib/bumperbot_firmware/simple_serial_receiver.py
[3.723s] -- Up-to-date: /home/aarambh/my_robot_ws/install/bumperbot_firmware/lib/bumperbot_firmware/mpu6050_driver.py
[3.725s] -- Up-to-date: /home/aarambh/my_robot_ws/install/bumperbot_firmware/lib/bumperbot_firmware/simple_serial_receiver
[3.726s] -- Up-to-date: /home/aarambh/my_robot_ws/install/bumperbot_firmware/lib/bumperbot_firmware/simple_serial_transmitter
[3.728s] -- Up-to-date: /home/aarambh/my_robot_ws/install/bumperbot_firmware/share/bumperbot_firmware/environment/library_path.sh
[3.729s] -- Up-to-date: /home/aarambh/my_robot_ws/install/bumperbot_firmware/share/bumperbot_firmware/environment/library_path.dsv
[3.730s] -- Up-to-date: /home/aarambh/my_robot_ws/install/bumperbot_firmware/share/ament_index/resource_index/package_run_dependencies/bumperbot_firmware
[3.731s] -- Up-to-date: /home/aarambh/my_robot_ws/install/bumperbot_firmware/share/ament_index/resource_index/parent_prefix_path/bumperbot_firmware
[3.731s] -- Up-to-date: /home/aarambh/my_robot_ws/install/bumperbot_firmware/share/bumperbot_firmware/environment/ament_prefix_path.sh
[3.737s] -- Up-to-date: /home/aarambh/my_robot_ws/install/bumperbot_firmware/share/bumperbot_firmware/environment/ament_prefix_path.dsv
[3.738s] -- Up-to-date: /home/aarambh/my_robot_ws/install/bumperbot_firmware/share/bumperbot_firmware/environment/path.sh
[3.739s] -- Up-to-date: /home/aarambh/my_robot_ws/install/bumperbot_firmware/share/bumperbot_firmware/environment/path.dsv
[3.740s] -- Up-to-date: /home/aarambh/my_robot_ws/install/bumperbot_firmware/share/bumperbot_firmware/local_setup.bash
[3.741s] -- Up-to-date: /home/aarambh/my_robot_ws/install/bumperbot_firmware/share/bumperbot_firmware/local_setup.sh
[3.743s] -- Up-to-date: /home/aarambh/my_robot_ws/install/bumperbot_firmware/share/bumperbot_firmware/local_setup.zsh
[3.745s] -- Up-to-date: /home/aarambh/my_robot_ws/install/bumperbot_firmware/share/bumperbot_firmware/local_setup.dsv
[3.746s] -- Installing: /home/aarambh/my_robot_ws/install/bumperbot_firmware/share/bumperbot_firmware/package.dsv
[3.747s] -- Up-to-date: /home/aarambh/my_robot_ws/install/bumperbot_firmware/share/ament_index/resource_index/packages/bumperbot_firmware
[3.748s] -- Up-to-date: /home/aarambh/my_robot_ws/install/bumperbot_firmware/share/ament_index/resource_index/hardware_interface__pluginlib__plugin/bumperbot_firmware
[3.754s] -- Up-to-date: /home/aarambh/my_robot_ws/install/bumperbot_firmware/share/bumperbot_firmware/cmake/ament_cmake_export_include_directories-extras.cmake
[3.756s] -- Up-to-date: /home/aarambh/my_robot_ws/install/bumperbot_firmware/share/bumperbot_firmware/cmake/ament_cmake_export_libraries-extras.cmake
[3.757s] -- Up-to-date: /home/aarambh/my_robot_ws/install/bumperbot_firmware/share/bumperbot_firmware/cmake/ament_cmake_export_dependencies-extras.cmake
[3.758s] -- Up-to-date: /home/aarambh/my_robot_ws/install/bumperbot_firmware/share/bumperbot_firmware/cmake/bumperbot_firmwareConfig.cmake
[3.759s] -- Up-to-date: /home/aarambh/my_robot_ws/install/bumperbot_firmware/share/bumperbot_firmware/cmake/bumperbot_firmwareConfig-version.cmake
[3.761s] -- Up-to-date: /home/aarambh/my_robot_ws/install/bumperbot_firmware/share/bumperbot_firmware/package.xml
[3.852s] Invoked command in '/home/aarambh/my_robot_ws/build/bumperbot_firmware' returned '0': CMAKE_PREFIX_PATH=${CMAKE_PREFIX_PATH}:/home/aarambh/my_robot_ws/install/bumperbot_py_examples:/opt/ros/humble /usr/bin/cmake --install /home/aarambh/my_robot_ws/build/bumperbot_firmware
