[0.119s] Invoking command in '/home/aarambh/my_robot_ws/build/bumperbot_firmware': CMAKE_PREFIX_PATH=${CMAKE_PREFIX_PATH}:/home/aarambh/my_robot_ws/install/bumperbot_py_examples:/opt/ros/humble /usr/bin/cmake --build /home/aarambh/my_robot_ws/build/bumperbot_firmware -- -j4 -l4
[0.725s] [ 33%] Built target bumperbot_firmware
[0.736s] [ 33%] Built target ament_cmake_python_copy_bumperbot_firmware
[0.829s] [ 66%] Built target simple_serial_transmitter
[0.847s] [100%] Built target simple_serial_receiver
[3.313s] running egg_info
[3.317s] writing bumperbot_firmware.egg-info/PKG-INFO
[3.318s] writing dependency_links to bumperbot_firmware.egg-info/dependency_links.txt
[3.319s] writing top-level names to bumperbot_firmware.egg-info/top_level.txt
[3.334s] reading manifest file 'bumperbot_firmware.egg-info/SOURCES.txt'
[3.338s] writing manifest file 'bumperbot_firmware.egg-info/SOURCES.txt'
[3.604s] [100%] Built target ament_cmake_python_build_bumperbot_firmware_egg
[3.695s] Invoked command in '/home/aarambh/my_robot_ws/build/bumperbot_firmware' returned '0': CMAKE_PREFIX_PATH=${CMAKE_PREFIX_PATH}:/home/aarambh/my_robot_ws/install/bumperbot_py_examples:/opt/ros/humble /usr/bin/cmake --build /home/aarambh/my_robot_ws/build/bumperbot_firmware -- -j4 -l4
[3.696s] Invoking command in '/home/aarambh/my_robot_ws/build/bumperbot_firmware': CMAKE_PREFIX_PATH=${CMAKE_PREFIX_PATH}:/home/aarambh/my_robot_ws/install/bumperbot_py_examples:/opt/ros/humble /usr/bin/cmake --install /home/aarambh/my_robot_ws/build/bumperbot_firmware
[3.744s] -- Install configuration: ""
[3.746s] -- Up-to-date: /home/aarambh/my_robot_ws/install/bumperbot_firmware/share/bumperbot_firmware/environment/pythonpath.sh
[3.748s] -- Up-to-date: /home/aarambh/my_robot_ws/install/bumperbot_firmware/share/bumperbot_firmware/environment/pythonpath.dsv
[3.749s] -- Up-to-date: /home/aarambh/my_robot_ws/install/bumperbot_firmware/local/lib/python3.10/dist-packages/bumperbot_firmware-0.0.0-py3.10.egg-info
[3.752s] -- Installing: /home/aarambh/my_robot_ws/install/bumperbot_firmware/local/lib/python3.10/dist-packages/bumperbot_firmware-0.0.0-py3.10.egg-info/PKG-INFO
[3.755s] -- Installing: /home/aarambh/my_robot_ws/install/bumperbot_firmware/local/lib/python3.10/dist-packages/bumperbot_firmware-0.0.0-py3.10.egg-info/top_level.txt
[3.758s] -- Installing: /home/aarambh/my_robot_ws/install/bumperbot_firmware/local/lib/python3.10/dist-packages/bumperbot_firmware-0.0.0-py3.10.egg-info/dependency_links.txt
[3.761s] -- Installing: /home/aarambh/my_robot_ws/install/bumperbot_firmware/local/lib/python3.10/dist-packages/bumperbot_firmware-0.0.0-py3.10.egg-info/SOURCES.txt
[3.764s] -- Up-to-date: /home/aarambh/my_robot_ws/install/bumperbot_firmware/local/lib/python3.10/dist-packages/bumperbot_firmware
[3.766s] -- Up-to-date: /home/aarambh/my_robot_ws/install/bumperbot_firmware/local/lib/python3.10/dist-packages/bumperbot_firmware/simple_serial_receiver.py
[3.773s] -- Up-to-date: /home/aarambh/my_robot_ws/install/bumperbot_firmware/local/lib/python3.10/dist-packages/bumperbot_firmware/__init__.py
[3.775s] -- Up-to-date: /home/aarambh/my_robot_ws/install/bumperbot_firmware/local/lib/python3.10/dist-packages/bumperbot_firmware/simple_serial_transmitter.py
[3.777s] -- Up-to-date: /home/aarambh/my_robot_ws/install/bumperbot_firmware/local/lib/python3.10/dist-packages/bumperbot_firmware/mpu6050_driver.py
[4.032s] Listing '/home/aarambh/my_robot_ws/install/bumperbot_firmware/local/lib/python3.10/dist-packages/bumperbot_firmware'...
[4.076s] -- Up-to-date: /home/aarambh/my_robot_ws/install/bumperbot_firmware/share/bumperbot_firmware/bumperbot_interface.xml
[4.078s] -- Up-to-date: /home/aarambh/my_robot_ws/install/bumperbot_firmware/lib/libbumperbot_firmware.so
[4.080s] -- Up-to-date: /home/aarambh/my_robot_ws/install/bumperbot_firmware/include/include
[4.082s] -- Up-to-date: /home/aarambh/my_robot_ws/install/bumperbot_firmware/include/include/bumperbot_firmware
[4.083s] -- Up-to-date: /home/aarambh/my_robot_ws/install/bumperbot_firmware/include/include/bumperbot_firmware/bumperbot_interface.hpp
[4.084s] -- Up-to-date: /home/aarambh/my_robot_ws/install/bumperbot_firmware/share/bumperbot_firmware/launch
[4.086s] -- Up-to-date: /home/aarambh/my_robot_ws/install/bumperbot_firmware/share/bumperbot_firmware/launch/hardware_interface.launch.py
[4.091s] -- Up-to-date: /home/aarambh/my_robot_ws/install/bumperbot_firmware/lib/bumperbot_firmware/simple_serial_transmitter.py
[4.092s] -- Up-to-date: /home/aarambh/my_robot_ws/install/bumperbot_firmware/lib/bumperbot_firmware/simple_serial_receiver.py
[4.093s] -- Up-to-date: /home/aarambh/my_robot_ws/install/bumperbot_firmware/lib/bumperbot_firmware/mpu6050_driver.py
[4.094s] -- Up-to-date: /home/aarambh/my_robot_ws/install/bumperbot_firmware/lib/bumperbot_firmware/simple_serial_receiver
[4.103s] -- Up-to-date: /home/aarambh/my_robot_ws/install/bumperbot_firmware/lib/bumperbot_firmware/simple_serial_transmitter
[4.109s] -- Up-to-date: /home/aarambh/my_robot_ws/install/bumperbot_firmware/share/bumperbot_firmware/environment/library_path.sh
[4.110s] -- Up-to-date: /home/aarambh/my_robot_ws/install/bumperbot_firmware/share/bumperbot_firmware/environment/library_path.dsv
[4.112s] -- Up-to-date: /home/aarambh/my_robot_ws/install/bumperbot_firmware/share/ament_index/resource_index/package_run_dependencies/bumperbot_firmware
[4.113s] -- Up-to-date: /home/aarambh/my_robot_ws/install/bumperbot_firmware/share/ament_index/resource_index/parent_prefix_path/bumperbot_firmware
[4.117s] -- Up-to-date: /home/aarambh/my_robot_ws/install/bumperbot_firmware/share/bumperbot_firmware/environment/ament_prefix_path.sh
[4.120s] -- Up-to-date: /home/aarambh/my_robot_ws/install/bumperbot_firmware/share/bumperbot_firmware/environment/ament_prefix_path.dsv
[4.122s] -- Up-to-date: /home/aarambh/my_robot_ws/install/bumperbot_firmware/share/bumperbot_firmware/environment/path.sh
[4.124s] -- Up-to-date: /home/aarambh/my_robot_ws/install/bumperbot_firmware/share/bumperbot_firmware/environment/path.dsv
[4.125s] -- Up-to-date: /home/aarambh/my_robot_ws/install/bumperbot_firmware/share/bumperbot_firmware/local_setup.bash
[4.126s] -- Up-to-date: /home/aarambh/my_robot_ws/install/bumperbot_firmware/share/bumperbot_firmware/local_setup.sh
[4.127s] -- Up-to-date: /home/aarambh/my_robot_ws/install/bumperbot_firmware/share/bumperbot_firmware/local_setup.zsh
[4.135s] -- Up-to-date: /home/aarambh/my_robot_ws/install/bumperbot_firmware/share/bumperbot_firmware/local_setup.dsv
[4.137s] -- Installing: /home/aarambh/my_robot_ws/install/bumperbot_firmware/share/bumperbot_firmware/package.dsv
[4.137s] -- Up-to-date: /home/aarambh/my_robot_ws/install/bumperbot_firmware/share/ament_index/resource_index/packages/bumperbot_firmware
[4.138s] -- Up-to-date: /home/aarambh/my_robot_ws/install/bumperbot_firmware/share/ament_index/resource_index/hardware_interface__pluginlib__plugin/bumperbot_firmware
[4.138s] -- Up-to-date: /home/aarambh/my_robot_ws/install/bumperbot_firmware/share/bumperbot_firmware/cmake/ament_cmake_export_include_directories-extras.cmake
[4.139s] -- Up-to-date: /home/aarambh/my_robot_ws/install/bumperbot_firmware/share/bumperbot_firmware/cmake/ament_cmake_export_libraries-extras.cmake
[4.139s] -- Up-to-date: /home/aarambh/my_robot_ws/install/bumperbot_firmware/share/bumperbot_firmware/cmake/ament_cmake_export_dependencies-extras.cmake
[4.139s] -- Up-to-date: /home/aarambh/my_robot_ws/install/bumperbot_firmware/share/bumperbot_firmware/cmake/bumperbot_firmwareConfig.cmake
[4.140s] -- Up-to-date: /home/aarambh/my_robot_ws/install/bumperbot_firmware/share/bumperbot_firmware/cmake/bumperbot_firmwareConfig-version.cmake
[4.140s] -- Up-to-date: /home/aarambh/my_robot_ws/install/bumperbot_firmware/share/bumperbot_firmware/package.xml
[4.187s] Invoked command in '/home/aarambh/my_robot_ws/build/bumperbot_firmware' returned '0': CMAKE_PREFIX_PATH=${CMAKE_PREFIX_PATH}:/home/aarambh/my_robot_ws/install/bumperbot_py_examples:/opt/ros/humble /usr/bin/cmake --install /home/aarambh/my_robot_ws/build/bumperbot_firmware
