[0.084s] Invoking command in '/home/aarambh/my_robot_ws/build/bumperbot_navigation': CMAKE_PREFIX_PATH=/home/aarambh/my_robot_ws/install/bumperbot_planning:/home/aarambh/my_robot_ws/install/bumperbot_utils:/home/aarambh/my_robot_ws/install/bumperbot_navigation:/home/aarambh/my_robot_ws/install/bumperbot_cpp_examples:/home/aarambh/my_robot_ws/install/bumperbot_msgs:/home/aarambh/my_robot_ws/install/bumperbot_motion:/home/aarambh/my_robot_ws/install/bumperbot_bringup:/home/aarambh/my_robot_ws/install/bumperbot_mapping:/home/aarambh/my_robot_ws/install/bumperbot_localization:/home/aarambh/my_robot_ws/install/bumperbot_firmware:/home/aarambh/my_robot_ws/install/bumperbot_description:/home/aarambh/my_robot_ws/install/bumperbot_controller:/home/aarambh/my_robot_ws/install/bumperbot_py_examples:/opt/ros/humble /usr/bin/cmake --build /home/aarambh/my_robot_ws/build/bumperbot_navigation -- -j4 -l4
[0.356s] Invoked command in '/home/aarambh/my_robot_ws/build/bumperbot_navigation' returned '0': CMAKE_PREFIX_PATH=/home/aarambh/my_robot_ws/install/bumperbot_planning:/home/aarambh/my_robot_ws/install/bumperbot_utils:/home/aarambh/my_robot_ws/install/bumperbot_navigation:/home/aarambh/my_robot_ws/install/bumperbot_cpp_examples:/home/aarambh/my_robot_ws/install/bumperbot_msgs:/home/aarambh/my_robot_ws/install/bumperbot_motion:/home/aarambh/my_robot_ws/install/bumperbot_bringup:/home/aarambh/my_robot_ws/install/bumperbot_mapping:/home/aarambh/my_robot_ws/install/bumperbot_localization:/home/aarambh/my_robot_ws/install/bumperbot_firmware:/home/aarambh/my_robot_ws/install/bumperbot_description:/home/aarambh/my_robot_ws/install/bumperbot_controller:/home/aarambh/my_robot_ws/install/bumperbot_py_examples:/opt/ros/humble /usr/bin/cmake --build /home/aarambh/my_robot_ws/build/bumperbot_navigation -- -j4 -l4
[0.358s] Invoking command in '/home/aarambh/my_robot_ws/build/bumperbot_navigation': CMAKE_PREFIX_PATH=/home/aarambh/my_robot_ws/install/bumperbot_planning:/home/aarambh/my_robot_ws/install/bumperbot_utils:/home/aarambh/my_robot_ws/install/bumperbot_navigation:/home/aarambh/my_robot_ws/install/bumperbot_cpp_examples:/home/aarambh/my_robot_ws/install/bumperbot_msgs:/home/aarambh/my_robot_ws/install/bumperbot_motion:/home/aarambh/my_robot_ws/install/bumperbot_bringup:/home/aarambh/my_robot_ws/install/bumperbot_mapping:/home/aarambh/my_robot_ws/install/bumperbot_localization:/home/aarambh/my_robot_ws/install/bumperbot_firmware:/home/aarambh/my_robot_ws/install/bumperbot_description:/home/aarambh/my_robot_ws/install/bumperbot_controller:/home/aarambh/my_robot_ws/install/bumperbot_py_examples:/opt/ros/humble /usr/bin/cmake --install /home/aarambh/my_robot_ws/build/bumperbot_navigation
[0.413s] -- Install configuration: ""
[0.414s] -- Up-to-date: /home/aarambh/my_robot_ws/install/bumperbot_navigation/share/bumperbot_navigation/behavior_tree
[0.415s] -- Up-to-date: /home/aarambh/my_robot_ws/install/bumperbot_navigation/share/bumperbot_navigation/behavior_tree/simple_navigation_w_replanning_and_recovery.xml
[0.416s] -- Up-to-date: /home/aarambh/my_robot_ws/install/bumperbot_navigation/share/bumperbot_navigation/behavior_tree/simple_navigation.xml
[0.417s] -- Up-to-date: /home/aarambh/my_robot_ws/install/bumperbot_navigation/share/bumperbot_navigation/behavior_tree/simple_navigation_w_replanning.xml
[0.417s] -- Up-to-date: /home/aarambh/my_robot_ws/install/bumperbot_navigation/share/bumperbot_navigation/config
[0.418s] -- Up-to-date: /home/aarambh/my_robot_ws/install/bumperbot_navigation/share/bumperbot_navigation/config/costmap.yaml
[0.419s] -- Up-to-date: /home/aarambh/my_robot_ws/install/bumperbot_navigation/share/bumperbot_navigation/config/smoother_server.yaml
[0.421s] -- Up-to-date: /home/aarambh/my_robot_ws/install/bumperbot_navigation/share/bumperbot_navigation/config/planner_server.yaml
[0.422s] -- Up-to-date: /home/aarambh/my_robot_ws/install/bumperbot_navigation/share/bumperbot_navigation/config/controller_server.yaml
[0.423s] -- Up-to-date: /home/aarambh/my_robot_ws/install/bumperbot_navigation/share/bumperbot_navigation/config/bt_navigator.yaml
[0.424s] -- Up-to-date: /home/aarambh/my_robot_ws/install/bumperbot_navigation/share/bumperbot_navigation/config/behavior_server.yaml
[0.425s] -- Up-to-date: /home/aarambh/my_robot_ws/install/bumperbot_navigation/share/bumperbot_navigation/launch
[0.431s] -- Up-to-date: /home/aarambh/my_robot_ws/install/bumperbot_navigation/share/bumperbot_navigation/launch/navigation.launch.py
[0.433s] -- Up-to-date: /home/aarambh/my_robot_ws/install/bumperbot_navigation/share/ament_index/resource_index/package_run_dependencies/bumperbot_navigation
[0.448s] -- Up-to-date: /home/aarambh/my_robot_ws/install/bumperbot_navigation/share/ament_index/resource_index/parent_prefix_path/bumperbot_navigation
[0.449s] -- Up-to-date: /home/aarambh/my_robot_ws/install/bumperbot_navigation/share/bumperbot_navigation/environment/ament_prefix_path.sh
[0.449s] -- Up-to-date: /home/aarambh/my_robot_ws/install/bumperbot_navigation/share/bumperbot_navigation/environment/ament_prefix_path.dsv
[0.449s] -- Up-to-date: /home/aarambh/my_robot_ws/install/bumperbot_navigation/share/bumperbot_navigation/environment/path.sh
[0.450s] -- Up-to-date: /home/aarambh/my_robot_ws/install/bumperbot_navigation/share/bumperbot_navigation/environment/path.dsv
[0.450s] -- Up-to-date: /home/aarambh/my_robot_ws/install/bumperbot_navigation/share/bumperbot_navigation/local_setup.bash
[0.452s] -- Up-to-date: /home/aarambh/my_robot_ws/install/bumperbot_navigation/share/bumperbot_navigation/local_setup.sh
[0.453s] -- Up-to-date: /home/aarambh/my_robot_ws/install/bumperbot_navigation/share/bumperbot_navigation/local_setup.zsh
[0.453s] -- Up-to-date: /home/aarambh/my_robot_ws/install/bumperbot_navigation/share/bumperbot_navigation/local_setup.dsv
[0.454s] -- Installing: /home/aarambh/my_robot_ws/install/bumperbot_navigation/share/bumperbot_navigation/package.dsv
[0.454s] -- Up-to-date: /home/aarambh/my_robot_ws/install/bumperbot_navigation/share/ament_index/resource_index/packages/bumperbot_navigation
[0.455s] -- Up-to-date: /home/aarambh/my_robot_ws/install/bumperbot_navigation/share/bumperbot_navigation/cmake/bumperbot_navigationConfig.cmake
[0.455s] -- Up-to-date: /home/aarambh/my_robot_ws/install/bumperbot_navigation/share/bumperbot_navigation/cmake/bumperbot_navigationConfig-version.cmake
[0.456s] -- Up-to-date: /home/aarambh/my_robot_ws/install/bumperbot_navigation/share/bumperbot_navigation/package.xml
[0.457s] Invoked command in '/home/aarambh/my_robot_ws/build/bumperbot_navigation' returned '0': CMAKE_PREFIX_PATH=/home/aarambh/my_robot_ws/install/bumperbot_planning:/home/aarambh/my_robot_ws/install/bumperbot_utils:/home/aarambh/my_robot_ws/install/bumperbot_navigation:/home/aarambh/my_robot_ws/install/bumperbot_cpp_examples:/home/aarambh/my_robot_ws/install/bumperbot_msgs:/home/aarambh/my_robot_ws/install/bumperbot_motion:/home/aarambh/my_robot_ws/install/bumperbot_bringup:/home/aarambh/my_robot_ws/install/bumperbot_mapping:/home/aarambh/my_robot_ws/install/bumperbot_localization:/home/aarambh/my_robot_ws/install/bumperbot_firmware:/home/aarambh/my_robot_ws/install/bumperbot_description:/home/aarambh/my_robot_ws/install/bumperbot_controller:/home/aarambh/my_robot_ws/install/bumperbot_py_examples:/opt/ros/humble /usr/bin/cmake --install /home/aarambh/my_robot_ws/build/bumperbot_navigation
